C:\Users\nandi\Downloads\jewelry-backend\jewelry-backend\src\main\java\com\jewelry\jewelry_backend\config\SecurityConfig.java
C:\Users\nandi\Downloads\jewelry-backend\jewelry-backend\src\main\java\com\jewelry\jewelry_backend\controller\ProductController.java
C:\Users\nandi\Downloads\jewelry-backend\jewelry-backend\src\main\java\com\jewelry\jewelry_backend\controller\UserController.java
C:\Users\nandi\Downloads\jewelry-backend\jewelry-backend\src\main\java\com\jewelry\jewelry_backend\entity\Product.java
C:\Users\nandi\Downloads\jewelry-backend\jewelry-backend\src\main\java\com\jewelry\jewelry_backend\entity\User.java
C:\Users\nandi\Downloads\jewelry-backend\jewelry-backend\src\main\java\com\jewelry\jewelry_backend\JewelryBackendApplication.java
C:\Users\nandi\Downloads\jewelry-backend\jewelry-backend\src\main\java\com\jewelry\jewelry_backend\jwt\JwtFilter.java
C:\Users\nandi\Downloads\jewelry-backend\jewelry-backend\src\main\java\com\jewelry\jewelry_backend\jwt\JwtUtil.java
C:\Users\nandi\Downloads\jewelry-backend\jewelry-backend\src\main\java\com\jewelry\jewelry_backend\repository\ProductRepository.java
C:\Users\nandi\Downloads\jewelry-backend\jewelry-backend\src\main\java\com\jewelry\jewelry_backend\repository\UserRepository.java
